2025-04-25T15:48:17.2647807Z Current runner version: '2.323.0'
2025-04-25T15:48:17.2670714Z ##[group]Operating System
2025-04-25T15:48:17.2671517Z Ubuntu
2025-04-25T15:48:17.2671973Z 24.04.2
2025-04-25T15:48:17.2672503Z LTS
2025-04-25T15:48:17.2672969Z ##[endgroup]
2025-04-25T15:48:17.2673496Z ##[group]Runner Image
2025-04-25T15:48:17.2674145Z Image: ubuntu-24.04
2025-04-25T15:48:17.2674654Z Version: 20250420.1.0
2025-04-25T15:48:17.2675685Z Included Software: https://github.com/actions/runner-images/blob/ubuntu24/20250420.1/images/ubuntu/Ubuntu2404-Readme.md
2025-04-25T15:48:17.2677040Z Image Release: https://github.com/actions/runner-images/releases/tag/ubuntu24%2F20250420.1
2025-04-25T15:48:17.2678018Z ##[endgroup]
2025-04-25T15:48:17.2678498Z ##[group]Runner Image Provisioner
2025-04-25T15:48:17.2679109Z 2.0.422.1
2025-04-25T15:48:17.2680022Z ##[endgroup]
2025-04-25T15:48:17.2681140Z ##[group]GITHUB_TOKEN Permissions
2025-04-25T15:48:17.2683022Z Contents: write
2025-04-25T15:48:17.2683603Z Metadata: read
2025-04-25T15:48:17.2684265Z PullRequests: write
2025-04-25T15:48:17.2684925Z ##[endgroup]
2025-04-25T15:48:17.2686863Z Secret source: Actions
2025-04-25T15:48:17.2687647Z Prepare workflow directory
2025-04-25T15:48:17.3005528Z Prepare all required actions
2025-04-25T15:48:17.3042242Z Getting action download info
2025-04-25T15:48:17.8767453Z ##[group]Download immutable action package 'actions/checkout@v4'
2025-04-25T15:48:17.8768894Z Version: 4.2.2
2025-04-25T15:48:17.8770157Z Digest: sha256:ccb2698953eaebd21c7bf6268a94f9c26518a7e38e27e0b83c1fe1ad049819b1
2025-04-25T15:48:17.8771301Z Source commit SHA: 11bd71901bbe5b1630ceea73d27597364c9af683
2025-04-25T15:48:17.8772099Z ##[endgroup]
2025-04-25T15:48:17.9487152Z ##[group]Download immutable action package 'actions/setup-node@v4'
2025-04-25T15:48:17.9488017Z Version: 4.4.0
2025-04-25T15:48:17.9488802Z Digest: sha256:9427cefe82346e992fb5b949e3569b39d537ae41aa3086483b14eceebfc16bc1
2025-04-25T15:48:17.9490033Z Source commit SHA: 49933ea5288caeca8642d1e84afbd3f7d6820020
2025-04-25T15:48:17.9490834Z ##[endgroup]
2025-04-25T15:48:18.0383990Z Download action repository 'peter-evans/create-pull-request@v6' (SHA:c5a7806660adbe173f04e3e038b0ccdcd758773c)
2025-04-25T15:48:18.6148678Z Complete job name: progress
2025-04-25T15:48:18.6802402Z ##[group]Run actions/checkout@v4
2025-04-25T15:48:18.6803224Z with:
2025-04-25T15:48:18.6803630Z   repository: metagrati/ProfitFlip
2025-04-25T15:48:18.6804269Z   token: ***
2025-04-25T15:48:18.6804652Z   ssh-strict: true
2025-04-25T15:48:18.6805044Z   ssh-user: git
2025-04-25T15:48:18.6805441Z   persist-credentials: true
2025-04-25T15:48:18.6805886Z   clean: true
2025-04-25T15:48:18.6806269Z   sparse-checkout-cone-mode: true
2025-04-25T15:48:18.6806750Z   fetch-depth: 1
2025-04-25T15:48:18.6807134Z   fetch-tags: false
2025-04-25T15:48:18.6807539Z   show-progress: true
2025-04-25T15:48:18.6807947Z   lfs: false
2025-04-25T15:48:18.6808312Z   submodules: false
2025-04-25T15:48:18.6808713Z   set-safe-directory: true
2025-04-25T15:48:18.6809519Z ##[endgroup]
2025-04-25T15:48:18.8435347Z Syncing repository: metagrati/ProfitFlip
2025-04-25T15:48:18.8437358Z ##[group]Getting Git version info
2025-04-25T15:48:18.8438222Z Working directory is '/home/runner/work/ProfitFlip/ProfitFlip'
2025-04-25T15:48:18.8439680Z [command]/usr/bin/git version
2025-04-25T15:48:18.8476726Z git version 2.49.0
2025-04-25T15:48:18.8503675Z ##[endgroup]
2025-04-25T15:48:18.8523011Z Temporarily overriding HOME='/home/runner/work/_temp/3e118d75-249e-4e7b-a4c0-a2a2657920a2' before making global git config changes
2025-04-25T15:48:18.8524411Z Adding repository directory to the temporary git global config as a safe directory
2025-04-25T15:48:18.8527877Z [command]/usr/bin/git config --global --add safe.directory /home/runner/work/ProfitFlip/ProfitFlip
2025-04-25T15:48:18.8561524Z Deleting the contents of '/home/runner/work/ProfitFlip/ProfitFlip'
2025-04-25T15:48:18.8564904Z ##[group]Initializing the repository
2025-04-25T15:48:18.8568675Z [command]/usr/bin/git init /home/runner/work/ProfitFlip/ProfitFlip
2025-04-25T15:48:18.8631910Z hint: Using 'master' as the name for the initial branch. This default branch name
2025-04-25T15:48:18.8633595Z hint: is subject to change. To configure the initial branch name to use in all
2025-04-25T15:48:18.8634870Z hint: of your new repositories, which will suppress this warning, call:
2025-04-25T15:48:18.8636038Z hint:
2025-04-25T15:48:18.8636802Z hint: 	git config --global init.defaultBranch <name>
2025-04-25T15:48:18.8637735Z hint:
2025-04-25T15:48:18.8638585Z hint: Names commonly chosen instead of 'master' are 'main', 'trunk' and
2025-04-25T15:48:18.8639945Z hint: 'development'. The just-created branch can be renamed via this command:
2025-04-25T15:48:18.8640667Z hint:
2025-04-25T15:48:18.8641048Z hint: 	git branch -m <name>
2025-04-25T15:48:18.8641766Z Initialized empty Git repository in /home/runner/work/ProfitFlip/ProfitFlip/.git/
2025-04-25T15:48:18.8650714Z [command]/usr/bin/git remote add origin https://github.com/metagrati/ProfitFlip
2025-04-25T15:48:18.8683816Z ##[endgroup]
2025-04-25T15:48:18.8685000Z ##[group]Disabling automatic garbage collection
2025-04-25T15:48:18.8688237Z [command]/usr/bin/git config --local gc.auto 0
2025-04-25T15:48:18.8716759Z ##[endgroup]
2025-04-25T15:48:18.8717946Z ##[group]Setting up auth
2025-04-25T15:48:18.8724531Z [command]/usr/bin/git config --local --name-only --get-regexp core\.sshCommand
2025-04-25T15:48:18.8755394Z [command]/usr/bin/git submodule foreach --recursive sh -c "git config --local --name-only --get-regexp 'core\.sshCommand' && git config --local --unset-all 'core.sshCommand' || :"
2025-04-25T15:48:18.9028682Z [command]/usr/bin/git config --local --name-only --get-regexp http\.https\:\/\/github\.com\/\.extraheader
2025-04-25T15:48:18.9058447Z [command]/usr/bin/git submodule foreach --recursive sh -c "git config --local --name-only --get-regexp 'http\.https\:\/\/github\.com\/\.extraheader' && git config --local --unset-all 'http.https://github.com/.extraheader' || :"
2025-04-25T15:48:18.9282493Z [command]/usr/bin/git config --local http.https://github.com/.extraheader AUTHORIZATION: basic ***
2025-04-25T15:48:18.9323423Z ##[endgroup]
2025-04-25T15:48:18.9324609Z ##[group]Fetching the repository
2025-04-25T15:48:18.9333637Z [command]/usr/bin/git -c protocol.version=2 fetch --no-tags --prune --no-recurse-submodules --depth=1 origin +29ee9b03e03ef99d0ec15da811effaf776f040c3:refs/remotes/origin/main
2025-04-25T15:48:19.5891326Z From https://github.com/metagrati/ProfitFlip
2025-04-25T15:48:19.5894424Z  * [new ref]         29ee9b03e03ef99d0ec15da811effaf776f040c3 -> origin/main
2025-04-25T15:48:19.5917852Z ##[endgroup]
2025-04-25T15:48:19.5918590Z ##[group]Determining the checkout info
2025-04-25T15:48:19.5921197Z ##[endgroup]
2025-04-25T15:48:19.5926866Z [command]/usr/bin/git sparse-checkout disable
2025-04-25T15:48:19.5965802Z [command]/usr/bin/git config --local --unset-all extensions.worktreeConfig
2025-04-25T15:48:19.5992907Z ##[group]Checking out the ref
2025-04-25T15:48:19.5996784Z [command]/usr/bin/git checkout --progress --force -B main refs/remotes/origin/main
2025-04-25T15:48:19.6142109Z Switched to a new branch 'main'
2025-04-25T15:48:19.6144813Z branch 'main' set up to track 'origin/main'.
2025-04-25T15:48:19.6150330Z ##[endgroup]
2025-04-25T15:48:19.6184504Z [command]/usr/bin/git log -1 --format=%H
2025-04-25T15:48:19.6206098Z 29ee9b03e03ef99d0ec15da811effaf776f040c3
2025-04-25T15:48:19.6427373Z ##[group]Run actions/setup-node@v4
2025-04-25T15:48:19.6427707Z with:
2025-04-25T15:48:19.6427921Z   node-version: 20
2025-04-25T15:48:19.6428146Z   always-auth: false
2025-04-25T15:48:19.6428380Z   check-latest: false
2025-04-25T15:48:19.6428747Z   token: ***
2025-04-25T15:48:19.6428960Z ##[endgroup]
2025-04-25T15:48:19.8110690Z Found in cache @ /opt/hostedtoolcache/node/20.19.0/x64
2025-04-25T15:48:19.8116746Z ##[group]Environment details
2025-04-25T15:48:20.0932933Z node: v20.19.0
2025-04-25T15:48:20.0933427Z npm: 10.8.2
2025-04-25T15:48:20.0933879Z yarn: 1.22.22
2025-04-25T15:48:20.0934857Z ##[endgroup]
2025-04-25T15:48:20.1046621Z ##[group]Run npm i -g pnpm
2025-04-25T15:48:20.1047199Z [36;1mnpm i -g pnpm[0m
2025-04-25T15:48:20.1084837Z shell: /usr/bin/bash -e {0}
2025-04-25T15:48:20.1085142Z ##[endgroup]
2025-04-25T15:48:21.8032120Z 
2025-04-25T15:48:21.8099826Z added 1 package in 2s
2025-04-25T15:48:21.8100317Z 
2025-04-25T15:48:21.8100723Z 1 package is looking for funding
2025-04-25T15:48:21.8101335Z   run `npm fund` for details
2025-04-25T15:48:21.8159980Z ##[group]Run ./scripts/run-green-flag.sh
2025-04-25T15:48:21.8160333Z [36;1m./scripts/run-green-flag.sh[0m
2025-04-25T15:48:21.8194871Z shell: /usr/bin/bash -e {0}
2025-04-25T15:48:21.8195117Z ##[endgroup]
2025-04-25T15:48:21.8298774Z 🏁 Starting green-flag smoke suite at Fri Apr 25 15:48:21 UTC 2025
2025-04-25T15:48:21.8464779Z 🟡 Skipping smoke:fork (not defined)
2025-04-25T15:48:21.8478381Z 🟡 Skipping smoke:amoy (not defined)
2025-04-25T15:48:21.8490858Z 🕒 Duration: 0s
2025-04-25T15:48:21.8528071Z ##[group]Run ./.github/actions/tick-checklist
2025-04-25T15:48:21.8528381Z with:
2025-04-25T15:48:21.8528596Z   path: docs/plan-b2.checklist.md
2025-04-25T15:48:21.8528871Z   item: P1 secrets-verify committed and green in CI
2025-04-25T15:48:21.8529143Z ##[endgroup]
2025-04-25T15:48:21.9236622Z ✔ ticked: P1 secrets-verify committed and green in CI
2025-04-25T15:48:21.9332413Z ##[group]Run git config user.name github-actions[bot]
2025-04-25T15:48:21.9332823Z [36;1mgit config user.name github-actions[bot][0m
2025-04-25T15:48:21.9333219Z [36;1mgit config user.email github-actions[bot]@users.noreply.github.com[0m
2025-04-25T15:48:21.9333606Z [36;1mgit checkout -b progress-bot/14668457748[0m
2025-04-25T15:48:21.9333904Z [36;1mgit push origin progress-bot/14668457748[0m
2025-04-25T15:48:21.9366332Z shell: /usr/bin/bash -e {0}
2025-04-25T15:48:21.9366571Z ##[endgroup]
2025-04-25T15:48:21.9471859Z Switched to a new branch 'progress-bot/14668457748'
2025-04-25T15:48:22.6561915Z remote: 
2025-04-25T15:48:22.6562682Z remote: Create a pull request for 'progress-bot/14668457748' on GitHub by visiting:        
2025-04-25T15:48:22.6563649Z remote:      https://github.com/metagrati/ProfitFlip/pull/new/progress-bot/14668457748        
2025-04-25T15:48:22.6564225Z remote: 
2025-04-25T15:48:22.6567617Z To https://github.com/metagrati/ProfitFlip
2025-04-25T15:48:22.6568268Z  * [new branch]      progress-bot/14668457748 -> progress-bot/14668457748
2025-04-25T15:48:22.6665103Z ##[group]Run peter-evans/create-pull-request@v6
2025-04-25T15:48:22.6665395Z with:
2025-04-25T15:48:22.6665575Z   branch: progress-bot/14668457748
2025-04-25T15:48:22.6665789Z   base: main
2025-04-25T15:48:22.6665952Z   delete-branch: true
2025-04-25T15:48:22.6666168Z   title: chore(progress): auto-update checklist
2025-04-25T15:48:22.6666459Z   commit-message: chore(progress): auto-tick items
2025-04-25T15:48:22.6666828Z   token: ***
2025-04-25T15:48:22.6667156Z   committer: github-actions[bot] <41898282+github-actions[bot]@users.noreply.github.com>
2025-04-25T15:48:22.6667623Z   author: metagrati <128862859+metagrati@users.noreply.github.com>
2025-04-25T15:48:22.6667933Z   signoff: false
2025-04-25T15:48:22.6668351Z   body: Automated changes by [create-pull-request](https://github.com/peter-evans/create-pull-request) GitHub action
2025-04-25T15:48:22.6668806Z   draft: false
2025-04-25T15:48:22.6668981Z ##[endgroup]
2025-04-25T15:48:22.7606689Z ##[group]Prepare git configuration
2025-04-25T15:48:22.7654830Z [command]/usr/bin/git config --global --name-only --get-regexp safe.directory /home/runner/work/ProfitFlip/ProfitFlip
2025-04-25T15:48:22.7718664Z [command]/usr/bin/git config --global --add safe.directory /home/runner/work/ProfitFlip/ProfitFlip
2025-04-25T15:48:22.7751893Z [command]/usr/bin/git config --local --get remote.origin.url
2025-04-25T15:48:22.7776236Z https://github.com/metagrati/ProfitFlip
2025-04-25T15:48:22.7793755Z [command]/usr/bin/git config --local --name-only --get-regexp http.https://github.com/.extraheader ^AUTHORIZATION:
2025-04-25T15:48:22.7818953Z http.https://github.com/.extraheader
2025-04-25T15:48:22.7829028Z [command]/usr/bin/git config --local --get-regexp http.https://github.com/.extraheader ^AUTHORIZATION:
2025-04-25T15:48:22.7853863Z http.https://github.com/.extraheader AUTHORIZATION: basic ***
2025-04-25T15:48:22.7863097Z [command]/usr/bin/git config --local --unset http.https://github.com/.extraheader ^AUTHORIZATION:
2025-04-25T15:48:22.7891945Z Unset config key 'http.https://github.com/.extraheader'
2025-04-25T15:48:22.7892942Z ##[endgroup]
2025-04-25T15:48:22.7893650Z ##[group]Determining the base and head repositories
2025-04-25T15:48:22.7954813Z ##[endgroup]
2025-04-25T15:48:22.7960091Z Pull request branch target repository set to metagrati/ProfitFlip
2025-04-25T15:48:22.7961436Z ##[group]Configuring credential for HTTPS authentication
2025-04-25T15:48:22.7974788Z [command]/usr/bin/git config --local http.https://github.com/.extraheader AUTHORIZATION: basic ***
2025-04-25T15:48:22.8010436Z [command]/usr/bin/git rev-parse --git-dir
2025-04-25T15:48:22.8032030Z .git
2025-04-25T15:48:22.8049713Z ##[endgroup]
2025-04-25T15:48:22.8050439Z ##[group]Checking the base repository state
2025-04-25T15:48:22.8055819Z [command]/usr/bin/git symbolic-ref HEAD --short
2025-04-25T15:48:22.8080773Z progress-bot/14668457748
2025-04-25T15:48:22.8085899Z Working base is branch 'progress-bot/14668457748'
2025-04-25T15:48:22.8090647Z [command]/usr/bin/git remote prune origin
2025-04-25T15:48:23.2123176Z ##[endgroup]
2025-04-25T15:48:23.2124018Z Pull request branch to create or update set to 'progress-bot/14668457748'
2025-04-25T15:48:23.2124923Z ##[group]Configuring the committer and author
2025-04-25T15:48:23.2126128Z Configured git committer as 'github-actions[bot] <41898282+github-actions[bot]@users.noreply.github.com>'
2025-04-25T15:48:23.2127387Z Configured git author as 'metagrati <128862859+metagrati@users.noreply.github.com>'
2025-04-25T15:48:23.2128339Z ##[endgroup]
2025-04-25T15:48:23.2128960Z ##[group]Create or update the pull request branch
2025-04-25T15:48:23.2134330Z [command]/usr/bin/git symbolic-ref HEAD --short
2025-04-25T15:48:23.2160450Z progress-bot/14668457748
2025-04-25T15:48:23.2165402Z Working base is branch 'progress-bot/14668457748'
2025-04-25T15:48:23.2173567Z [command]/usr/bin/git checkout --progress -B a21459d9-6a91-47d6-9b7c-331a1f74d5ca HEAD --
2025-04-25T15:48:23.2248722Z Switched to a new branch 'a21459d9-6a91-47d6-9b7c-331a1f74d5ca'
2025-04-25T15:48:23.2251584Z M	docs/plan-b2.checklist.md
2025-04-25T15:48:23.2260870Z [command]/usr/bin/git status --porcelain -unormal --
2025-04-25T15:48:23.2290471Z  M docs/plan-b2.checklist.md
2025-04-25T15:48:23.2295547Z Uncommitted changes found. Adding a commit.
2025-04-25T15:48:23.2299772Z [command]/usr/bin/git add -A
2025-04-25T15:48:23.2340315Z [command]/usr/bin/git -c author.name=metagrati -c author.email=128862859+metagrati@users.noreply.github.com -c committer.name=github-actions[bot] -c committer.email=41898282+github-actions[bot]@users.noreply.github.com commit -m chore(progress): auto-tick items
2025-04-25T15:48:23.2400837Z [a21459d9-6a91-47d6-9b7c-331a1f74d5ca 7c40cc7] chore(progress): auto-tick items
2025-04-25T15:48:23.2401442Z  Author: metagrati <128862859+metagrati@users.noreply.github.com>
2025-04-25T15:48:23.2401841Z  1 file changed, 1 insertion(+), 1 deletion(-)
2025-04-25T15:48:23.2407937Z [command]/usr/bin/git stash push --include-untracked
2025-04-25T15:48:23.2436417Z No local changes to save
2025-04-25T15:48:23.2441409Z Resetting working base branch 'progress-bot/14668457748'
2025-04-25T15:48:23.2446298Z [command]/usr/bin/git checkout --progress progress-bot/14668457748 --
2025-04-25T15:48:23.2478046Z Switched to branch 'progress-bot/14668457748'
2025-04-25T15:48:23.2489680Z [command]/usr/bin/git reset --hard origin/progress-bot/14668457748
2025-04-25T15:48:23.2525828Z HEAD is now at 29ee9b0 chore: trigger workflow to test permission settings
2025-04-25T15:48:23.2530251Z Rebasing commits made to branch 'progress-bot/14668457748' on to base branch 'main'
2025-04-25T15:48:23.2535338Z [command]/usr/bin/git -c protocol.version=2 fetch --no-tags --progress --no-recurse-submodules --force --depth=1 origin main:main
2025-04-25T15:48:23.7798414Z remote: Total 0 (delta 0), reused 0 (delta 0), pack-reused 0 (from 0)        
2025-04-25T15:48:23.7871546Z [command]/usr/bin/git checkout --progress main --
2025-04-25T15:48:23.7902975Z Switched to branch 'main'
2025-04-25T15:48:23.7906290Z Your branch is up to date with 'origin/main'.
2025-04-25T15:48:23.7916323Z [command]/usr/bin/git rev-list --reverse progress-bot/14668457748..a21459d9-6a91-47d6-9b7c-331a1f74d5ca .
2025-04-25T15:48:23.7944686Z 7c40cc70e0bf11ea9e40d87e92b23e2c0d4392e7
2025-04-25T15:48:23.7954590Z [command]/usr/bin/git -c author.name=metagrati -c author.email=128862859+metagrati@users.noreply.github.com -c committer.name=github-actions[bot] -c committer.email=41898282+github-actions[bot]@users.noreply.github.com cherry-pick --strategy=recursive --strategy-option=theirs 7c40cc70e0bf11ea9e40d87e92b23e2c0d4392e7
2025-04-25T15:48:23.7994279Z [main 7c40cc7] chore(progress): auto-tick items
2025-04-25T15:48:23.7994991Z  Author: metagrati <128862859+metagrati@users.noreply.github.com>
2025-04-25T15:48:23.7995376Z  Date: Fri Apr 25 15:48:23 2025 +0000
2025-04-25T15:48:23.7995693Z  1 file changed, 1 insertion(+), 1 deletion(-)
2025-04-25T15:48:23.8003072Z [command]/usr/bin/git checkout --progress -B a21459d9-6a91-47d6-9b7c-331a1f74d5ca HEAD --
2025-04-25T15:48:23.8034101Z Switched to and reset branch 'a21459d9-6a91-47d6-9b7c-331a1f74d5ca'
2025-04-25T15:48:23.8043813Z [command]/usr/bin/git -c protocol.version=2 fetch --no-tags --progress --no-recurse-submodules --force --depth=1 origin main:main
2025-04-25T15:48:24.3189956Z remote: Total 0 (delta 0), reused 0 (delta 0), pack-reused 0 (from 0)        
2025-04-25T15:48:24.3237792Z From https://github.com/metagrati/ProfitFlip
2025-04-25T15:48:24.3238362Z  + 7c40cc7...29ee9b0 main       -> main  (forced update)
2025-04-25T15:48:24.3267930Z [command]/usr/bin/git rev-list --right-only --count main...a21459d9-6a91-47d6-9b7c-331a1f74d5ca
2025-04-25T15:48:24.3295358Z 1
2025-04-25T15:48:24.3304921Z [command]/usr/bin/git -c protocol.version=2 fetch --no-tags --progress --no-recurse-submodules --force --depth=11 origin progress-bot/14668457748:refs/remotes/origin/progress-bot/14668457748
2025-04-25T15:48:24.7860503Z remote: Enumerating objects: 40, done.        
2025-04-25T15:48:24.7861641Z remote: Counting objects:   2% (1/40)        
2025-04-25T15:48:24.7862404Z remote: Counting objects:   5% (2/40)        
2025-04-25T15:48:24.7863177Z remote: Counting objects:   7% (3/40)        
2025-04-25T15:48:24.7863672Z remote: Counting objects:  10% (4/40)        
2025-04-25T15:48:24.7864109Z remote: Counting objects:  12% (5/40)        
2025-04-25T15:48:24.7864531Z remote: Counting objects:  15% (6/40)        
2025-04-25T15:48:24.7864963Z remote: Counting objects:  17% (7/40)        
2025-04-25T15:48:24.7865387Z remote: Counting objects:  20% (8/40)        
2025-04-25T15:48:24.7865965Z remote: Counting objects:  22% (9/40)        
2025-04-25T15:48:24.7866413Z remote: Counting objects:  25% (10/40)        
2025-04-25T15:48:24.7866904Z remote: Counting objects:  27% (11/40)        
2025-04-25T15:48:24.7867512Z remote: Counting objects:  30% (12/40)        
2025-04-25T15:48:24.7868211Z remote: Counting objects:  32% (13/40)        
2025-04-25T15:48:24.7868930Z remote: Counting objects:  35% (14/40)        
2025-04-25T15:48:24.7869723Z remote: Counting objects:  37% (15/40)        
2025-04-25T15:48:24.7870306Z remote: Counting objects:  40% (16/40)        
2025-04-25T15:48:24.7870873Z remote: Counting objects:  42% (17/40)        
2025-04-25T15:48:24.7871410Z remote: Counting objects:  45% (18/40)        
2025-04-25T15:48:24.7871939Z remote: Counting objects:  47% (19/40)        
2025-04-25T15:48:24.7872458Z remote: Counting objects:  50% (20/40)        
2025-04-25T15:48:24.7873027Z remote: Counting objects:  52% (21/40)        
2025-04-25T15:48:24.7873648Z remote: Counting objects:  55% (22/40)        
2025-04-25T15:48:24.7874199Z remote: Counting objects:  57% (23/40)        
2025-04-25T15:48:24.7875016Z remote: Counting objects:  60% (24/40)        
2025-04-25T15:48:24.7875556Z remote: Counting objects:  62% (25/40)        
2025-04-25T15:48:24.7876014Z remote: Counting objects:  65% (26/40)        
2025-04-25T15:48:24.7876489Z remote: Counting objects:  67% (27/40)        
2025-04-25T15:48:24.7877043Z remote: Counting objects:  70% (28/40)        
2025-04-25T15:48:24.7877586Z remote: Counting objects:  72% (29/40)        
2025-04-25T15:48:24.7878130Z remote: Counting objects:  75% (30/40)        
2025-04-25T15:48:24.7878677Z remote: Counting objects:  77% (31/40)        
2025-04-25T15:48:24.7879424Z remote: Counting objects:  80% (32/40)        
2025-04-25T15:48:24.7880054Z remote: Counting objects:  82% (33/40)        
2025-04-25T15:48:24.7880611Z remote: Counting objects:  85% (34/40)        
2025-04-25T15:48:24.7881160Z remote: Counting objects:  87% (35/40)        
2025-04-25T15:48:24.7881717Z remote: Counting objects:  90% (36/40)        
2025-04-25T15:48:24.7882275Z remote: Counting objects:  92% (37/40)        
2025-04-25T15:48:24.7882812Z remote: Counting objects:  95% (38/40)        
2025-04-25T15:48:24.7883363Z remote: Counting objects:  97% (39/40)        
2025-04-25T15:48:24.7883907Z remote: Counting objects: 100% (40/40)        
2025-04-25T15:48:24.7884447Z remote: Counting objects: 100% (40/40), done.        
2025-04-25T15:48:24.7885058Z remote: Compressing objects:   4% (1/23)        
2025-04-25T15:48:24.7885625Z remote: Compressing objects:   8% (2/23)        
2025-04-25T15:48:24.7886205Z remote: Compressing objects:  13% (3/23)        
2025-04-25T15:48:24.7886777Z remote: Compressing objects:  17% (4/23)        
2025-04-25T15:48:24.7887351Z remote: Compressing objects:  21% (5/23)        
2025-04-25T15:48:24.7887946Z remote: Compressing objects:  26% (6/23)        
2025-04-25T15:48:24.7888506Z remote: Compressing objects:  30% (7/23)        
2025-04-25T15:48:24.7889072Z remote: Compressing objects:  34% (8/23)        
2025-04-25T15:48:24.7889887Z remote: Compressing objects:  39% (9/23)        
2025-04-25T15:48:24.7890498Z remote: Compressing objects:  43% (10/23)        
2025-04-25T15:48:24.7891090Z remote: Compressing objects:  47% (11/23)        
2025-04-25T15:48:24.7891665Z remote: Compressing objects:  52% (12/23)        
2025-04-25T15:48:24.7892253Z remote: Compressing objects:  56% (13/23)        
2025-04-25T15:48:24.7893025Z remote: Compressing objects:  60% (14/23)        
2025-04-25T15:48:24.7893626Z remote: Compressing objects:  65% (15/23)        
2025-04-25T15:48:24.7894215Z remote: Compressing objects:  69% (16/23)        
2025-04-25T15:48:24.7894816Z remote: Compressing objects:  73% (17/23)        
2025-04-25T15:48:24.7895427Z remote: Compressing objects:  78% (18/23)        
2025-04-25T15:48:24.7896069Z remote: Compressing objects:  82% (19/23)        
2025-04-25T15:48:24.7896667Z remote: Compressing objects:  86% (20/23)        
2025-04-25T15:48:24.7897250Z remote: Compressing objects:  91% (21/23)        
2025-04-25T15:48:24.7897835Z remote: Compressing objects:  95% (22/23)        
2025-04-25T15:48:24.7898438Z remote: Compressing objects: 100% (23/23)        
2025-04-25T15:48:24.7899112Z remote: Compressing objects: 100% (23/23), done.        
2025-04-25T15:48:24.7900150Z remote: Total 36 (delta 23), reused 25 (delta 13), pack-reused 0 (from 0)        
2025-04-25T15:48:24.8020567Z Pull request branch 'progress-bot/14668457748' already exists as remote branch 'origin/progress-bot/14668457748'
2025-04-25T15:48:24.8025363Z [command]/usr/bin/git checkout --progress progress-bot/14668457748 --
2025-04-25T15:48:24.8058785Z Switched to branch 'progress-bot/14668457748'
2025-04-25T15:48:24.8068856Z [command]/usr/bin/git rev-list --right-only --count main...progress-bot/14668457748
2025-04-25T15:48:24.8091547Z 0
2025-04-25T15:48:24.8100389Z [command]/usr/bin/git diff --quiet progress-bot/14668457748..a21459d9-6a91-47d6-9b7c-331a1f74d5ca
2025-04-25T15:48:24.8127707Z Resetting 'progress-bot/14668457748'
2025-04-25T15:48:24.8131496Z [command]/usr/bin/git checkout --progress -B progress-bot/14668457748 a21459d9-6a91-47d6-9b7c-331a1f74d5ca --
2025-04-25T15:48:24.8164356Z Reset branch 'progress-bot/14668457748'
2025-04-25T15:48:24.8174896Z [command]/usr/bin/git rev-list --right-only --count origin/progress-bot/14668457748...progress-bot/14668457748
2025-04-25T15:48:24.8197214Z 1
2025-04-25T15:48:24.8202457Z Updated branch 'progress-bot/14668457748'
2025-04-25T15:48:24.8205886Z [command]/usr/bin/git rev-list --right-only --count main...progress-bot/14668457748
2025-04-25T15:48:24.8228085Z 1
2025-04-25T15:48:24.8235229Z [command]/usr/bin/git rev-parse HEAD
2025-04-25T15:48:24.8254191Z 7c40cc70e0bf11ea9e40d87e92b23e2c0d4392e7
2025-04-25T15:48:24.8261825Z [command]/usr/bin/git branch --delete --force a21459d9-6a91-47d6-9b7c-331a1f74d5ca
2025-04-25T15:48:24.8285978Z Deleted branch a21459d9-6a91-47d6-9b7c-331a1f74d5ca (was 7c40cc7).
2025-04-25T15:48:24.8293297Z [command]/usr/bin/git checkout --progress progress-bot/14668457748 --
2025-04-25T15:48:24.8323989Z Already on 'progress-bot/14668457748'
2025-04-25T15:48:24.8331126Z ##[endgroup]
2025-04-25T15:48:24.8331865Z ##[group]Pushing pull request branch to 'origin/progress-bot/14668457748'
2025-04-25T15:48:24.8336139Z [command]/usr/bin/git push --force-with-lease origin progress-bot/14668457748:refs/heads/progress-bot/14668457748
2025-04-25T15:48:25.5541562Z To https://github.com/metagrati/ProfitFlip
2025-04-25T15:48:25.5542192Z    29ee9b0..7c40cc7  progress-bot/14668457748 -> progress-bot/14668457748
2025-04-25T15:48:25.5580564Z ##[endgroup]
2025-04-25T15:48:25.5581085Z ##[group]Create or update the pull request
2025-04-25T15:48:25.5584292Z Attempting creation of pull request
2025-04-25T15:48:25.8294974Z ##[error]GitHub Actions is not permitted to create or approve pull requests.
2025-04-25T15:48:25.8303400Z ##[group]Restore git configuration
2025-04-25T15:48:25.8304542Z [command]/usr/bin/git config --local --name-only --get-regexp http.https://github.com/.extraheader ^AUTHORIZATION:
2025-04-25T15:48:25.8321076Z http.https://github.com/.extraheader
2025-04-25T15:48:25.8331346Z [command]/usr/bin/git config --local --get-regexp http.https://github.com/.extraheader ^AUTHORIZATION:
2025-04-25T15:48:25.8357416Z http.https://github.com/.extraheader AUTHORIZATION: basic ***
2025-04-25T15:48:25.8365586Z [command]/usr/bin/git config --local --unset http.https://github.com/.extraheader ^AUTHORIZATION:
2025-04-25T15:48:25.8395209Z Unset config key 'http.https://github.com/.extraheader'
2025-04-25T15:48:25.8400521Z [command]/usr/bin/git config --local http.https://github.com/.extraheader AUTHORIZATION: basic ***
2025-04-25T15:48:25.8434039Z Persisted git credentials restored
2025-04-25T15:48:25.8439378Z [command]/usr/bin/git config --global --unset safe.directory /home/runner/work/ProfitFlip/ProfitFlip
2025-04-25T15:48:25.8468539Z ##[endgroup]
2025-04-25T15:48:25.9193169Z Post job cleanup.
2025-04-25T15:48:26.0114693Z [command]/usr/bin/git version
2025-04-25T15:48:26.0149911Z git version 2.49.0
2025-04-25T15:48:26.0185982Z Copying '/home/runner/.gitconfig' to '/home/runner/work/_temp/e611c3b6-f799-4109-bcbf-8a20fdeaf8f6/.gitconfig'
2025-04-25T15:48:26.0194683Z Temporarily overriding HOME='/home/runner/work/_temp/e611c3b6-f799-4109-bcbf-8a20fdeaf8f6' before making global git config changes
2025-04-25T15:48:26.0195800Z Adding repository directory to the temporary git global config as a safe directory
2025-04-25T15:48:26.0206314Z [command]/usr/bin/git config --global --add safe.directory /home/runner/work/ProfitFlip/ProfitFlip
2025-04-25T15:48:26.0239616Z [command]/usr/bin/git config --local --name-only --get-regexp core\.sshCommand
2025-04-25T15:48:26.0271123Z [command]/usr/bin/git submodule foreach --recursive sh -c "git config --local --name-only --get-regexp 'core\.sshCommand' && git config --local --unset-all 'core.sshCommand' || :"
2025-04-25T15:48:26.0495946Z [command]/usr/bin/git config --local --name-only --get-regexp http\.https\:\/\/github\.com\/\.extraheader
2025-04-25T15:48:26.0516306Z http.https://github.com/.extraheader
2025-04-25T15:48:26.0529961Z [command]/usr/bin/git config --local --unset-all http.https://github.com/.extraheader
2025-04-25T15:48:26.0559352Z [command]/usr/bin/git submodule foreach --recursive sh -c "git config --local --name-only --get-regexp 'http\.https\:\/\/github\.com\/\.extraheader' && git config --local --unset-all 'http.https://github.com/.extraheader' || :"
2025-04-25T15:48:26.0876930Z Cleaning up orphan processes
